-- createdb
-- psql -f 'sql/test_dump_restore.sql' -v 'extension_name=pg_safer_settings' -v 'test_stage=pre-dump'
psql:sql/test_dump_restore.sql:21: NOTICE:  installing required extension "pg_utility_trigger_functions"
psql:sql/test_dump_restore.sql:21: NOTICE:  installing required extension "hstore"
CREATE EXTENSION
CALL
-- pg_dump --format=custom --file <dump_file>
-- psql -f 'sql/test_dump_restore.sql' -v 'extension_name=pg_safer_settings' -v 'test_stage=post-restore'
CALL
