\set ECHO none
NOTICE:  CREATE EXTENSION pg_safer_settings WITH VERSION '0.6.0' CASCADE
NOTICE:  ALTER EXTENSION pg_safer_settings UPDATE TO '1.0.0'
NOTICE:  CALL test__pg_db_setting()
NOTICE:  CALL test__pg_safer_settings_table()
NOTICE:  CALL test__pg_db_role_setting()
NOTICE:  DROP EXTENSION pg_safer_settings CASCADE
NOTICE:  CREATE EXTENSION pg_safer_settings WITH VERSION '1.0.0' CASCADE
NOTICE:  CALL test__pg_db_setting()
NOTICE:  CALL test__pg_db_role_setting()
NOTICE:  CALL test__pg_safer_settings_table()
NOTICE:  DROP EXTENSION pg_safer_settings CASCADE
NOTICE:  CREATE EXTENSION pg_safer_settings WITH VERSION '0.8.9' CASCADE
NOTICE:  ALTER EXTENSION pg_safer_settings UPDATE TO '1.0.0'
NOTICE:  CALL test__pg_db_setting()
NOTICE:  CALL test__pg_safer_settings_table()
NOTICE:  CALL test__pg_db_role_setting()
NOTICE:  DROP EXTENSION pg_safer_settings CASCADE
NOTICE:  CREATE EXTENSION pg_safer_settings WITH VERSION '0.8.8' CASCADE
NOTICE:  ALTER EXTENSION pg_safer_settings UPDATE TO '1.0.0'
NOTICE:  CALL test__pg_db_setting()
NOTICE:  CALL test__pg_safer_settings_table()
NOTICE:  CALL test__pg_db_role_setting()
NOTICE:  DROP EXTENSION pg_safer_settings CASCADE
